<html>
<body>
<pre>
<h1>µVision Build Log</h1>
<h2>Tool Versions:</h2>
IDE-Version: µVision V5.24.2.0
Copyright (C) 2017 ARM Ltd and ARM Germany GmbH. All rights reserved.
License Information: vl sv, gd, LIC=3UUPC-7X5QZ-PG07L-02HI4-LT25N-C33AD
 
Tool Versions:
Toolchain:       MDK-ARM Professional  Version: 5.24.1
Toolchain Path:  C:\Keil_v5\ARM\ARMCC\Bin
C Compiler:      Armcc.exe V5.06 update 5 (build 528)
Assembler:       Armasm.exe V5.06 update 5 (build 528)
Linker/Locator:  ArmLink.exe V5.06 update 5 (build 528)
Library Manager: ArmAr.exe V5.06 update 5 (build 528)
Hex Converter:   FromElf.exe V5.06 update 5 (build 528)
CPU DLL:         SARMCM3.DLL V5.24.1
Dialog DLL:      DCM.DLL V1.16.0.0
Target DLL:      CMSIS_AGDI.dll V1.28.3.0
Dialog DLL:      TCM.DLL V1.32.0.0
 
<h2>Project:</h2>
C:\Users\vlads\Documents\GitHub\ultimate_step_v_01\project.uvprojx
Project File Date:  10/12/2023

<h2>Output:</h2>
*** Using Compiler 'V5.06 update 5 (build 528)', folder: 'C:\Keil_v5\ARM\ARMCC\Bin'
Rebuild target 'Target 1'
compiling at32f421_int.c...
at32f421_int.h(70): warning:  #1295-D: Deprecated declaration ms_20_tick - give arg types
  void ms_20_tick();
at32f421_int.c: 1 warning, 0 errors
compiling at32f421_wk_config.c...
compiling main.c...
main.c(146): warning:  #9-D: nested comment is not allowed
  		//*/
main.c(131): warning:  #550-D: variable "in1_pin_high"  was set but never used
  	static int in1_pin_high;
main.c(132): warning:  #550-D: variable "in2_pin_high"  was set but never used
  	static int in2_pin_high;
main.c: 3 warnings, 0 errors
compiling at32f421_adc.c...
compiling at32f421_crm.c...
compiling at32f421_misc.c...
compiling at32f421_gpio.c...
assembling startup_at32f421.s...
compiling at32f421_wdt.c...
compiling at32f421_tmr.c...
compiling system_at32f421.c...
linking...
Program Size: Code=2756 RO-data=252 RW-data=24 ZI-data=1632  
FromELF: creating hex file...
".\Objects\project.axf" - 0 Error(s), 4 Warning(s).

<h2>Software Packages used:</h2>

Package Vendor: ARM
                http://www.keil.com/pack/ARM.CMSIS.5.0.1.pack
                ARM.CMSIS.5.0.1
                CMSIS (Cortex Microcontroller Software Interface Standard)
   * Component: CORE Version: 5.0.1

Package Vendor: ArteryTek
                
                ArteryTek.AT32F421_DFP.2.0.5
                ArteryTek AT32F421 Series Device Support,Drivers
   * Component: startup Version: 2.0.0
   * Component: wdt Version: 2.0.0
   * Component: tmr Version: 2.0.0
   * Component: misc Version: 2.0.0
   * Component: gpio Version: 2.0.0
   * Component: crm Version: 2.0.0
   * Component: adc Version: 2.0.0
   * Component: at32f421_conf Version: 2.0.0

<h2>Collection of Component include folders:</h2>
  .\RTE\Device\-AT32F421F8P7
  .\RTE\_Target_1
  C:\Keil_v5\ARM\PACK\ARM\CMSIS\5.0.1\CMSIS\Include
  C:\Keil_v5\ARM\PACK\ArteryTek\AT32F421_DFP\2.0.5\Device\Firmware\Peripherals\inc
  C:\Keil_v5\ARM\PACK\ArteryTek\AT32F421_DFP\2.0.5\Device\Include

<h2>Collection of Component Files used:</h2>

   * Component: ArteryTek::Device:startup:2.0.0
      Source file:   Device\Source\ARM\startup_at32f421.s
      Source file:   Device\Source\system_at32f421.c
      Include file:  Device\Include\at32f421.h

   * Component: ArteryTek::Device:at32f421_firmware_library:wdt:2.0.0
      Source file:   Device\Firmware\Peripherals\src\at32f421_wdt.c
      Include file:  Device\Firmware\Peripherals\inc\at32f421_wdt.h

   * Component: ArteryTek::Device:at32f421_firmware_library:tmr:2.0.0
      Source file:   Device\Firmware\Peripherals\src\at32f421_tmr.c
      Include file:  Device\Firmware\Peripherals\inc\at32f421_tmr.h

   * Component: ArteryTek::Device:at32f421_firmware_library:misc:2.0.0
      Include file:  Device\Firmware\Peripherals\inc\at32f421_misc.h
      Source file:   Device\Firmware\Peripherals\src\at32f421_misc.c

   * Component: ArteryTek::Device:at32f421_firmware_library:gpio:2.0.0
      Include file:  Device\Firmware\Peripherals\inc\at32f421_gpio.h
      Source file:   Device\Firmware\Peripherals\src\at32f421_gpio.c

   * Component: ArteryTek::Device:at32f421_firmware_library:crm:2.0.0
      Include file:  Device\Firmware\Peripherals\inc\at32f421_crm.h
      Source file:   Device\Firmware\Peripherals\src\at32f421_crm.c

   * Component: ArteryTek::Device:at32f421_firmware_library:adc:2.0.0
      Include file:  Device\Firmware\Peripherals\inc\at32f421_adc.h
      Source file:   Device\Firmware\Peripherals\src\at32f421_adc.c

   * Component: ArteryTek::Device:at32f421_conf:2.0.0
      Include file:  Device\Include\at32f421_conf.h

   * Component: ARM::CMSIS:CORE:5.0.1
Build Time Elapsed:  00:00:04
</pre>
</body>
</html>
